// Jest Snapshot v1, https://goo.gl/fbAQLP

exports[`Counter Component is Rendering Seccessfully Matched the snapshot 1`] = `
Array [
  <button
    data-test="incrementBtn"
    onClick={[Function]}
  >
    Increment
  </button>,
  <p
    className="countValue"
  >
    count: 
    0
  </p>,
  <button
    data-test="decrementBtn"
    onClick={[Function]}
  >
    Decrement
  </button>,
]
`;
